
===========================================================================
 report_power
============================================================================
======================= Fastest Corner ===================================

Group                  Internal  Switching    Leakage      Total
                          Power      Power      Power      Power (Watts)
----------------------------------------------------------------
Sequential             4.11e-05   0.00e+00   2.91e-10   4.11e-05  29.1%
Combinational          0.00e+00   0.00e+00   3.02e-10   3.02e-10   0.0%
Clock                  6.52e-05   3.51e-05   2.24e-09   1.00e-04  70.9%
Macro                  0.00e+00   0.00e+00   0.00e+00   0.00e+00   0.0%
Pad                    0.00e+00   0.00e+00   0.00e+00   0.00e+00   0.0%
----------------------------------------------------------------
Total                  1.06e-04   3.51e-05   2.83e-09   1.41e-04 100.0%
                          75.2%      24.8%       0.0%

======================= Slowest Corner ===================================

Group                  Internal  Switching    Leakage      Total
                          Power      Power      Power      Power (Watts)
----------------------------------------------------------------
Sequential             2.74e-05   0.00e+00   1.83e-07   2.75e-05  28.3%
Combinational          0.00e+00   0.00e+00   2.29e-07   2.29e-07   0.2%
Clock                  4.65e-05   2.31e-05   6.55e-08   6.97e-05  71.5%
Macro                  0.00e+00   0.00e+00   0.00e+00   0.00e+00   0.0%
Pad                    0.00e+00   0.00e+00   0.00e+00   0.00e+00   0.0%
----------------------------------------------------------------
Total                  7.39e-05   2.31e-05   4.78e-07   9.74e-05 100.0%
                          75.8%      23.7%       0.5%

======================= Typical Corner ===================================

Group                  Internal  Switching    Leakage      Total
                          Power      Power      Power      Power (Watts)
----------------------------------------------------------------
Sequential             3.53e-05   0.00e+00   1.03e-10   3.53e-05  29.0%
Combinational          0.00e+00   0.00e+00   1.89e-10   1.89e-10   0.0%
Clock                  5.70e-05   2.96e-05   2.07e-09   8.66e-05  71.0%
Macro                  0.00e+00   0.00e+00   0.00e+00   0.00e+00   0.0%
Pad                    0.00e+00   0.00e+00   0.00e+00   0.00e+00   0.0%
----------------------------------------------------------------
Total                  9.23e-05   2.96e-05   2.37e-09   1.22e-04 100.0%
                          75.7%      24.3%       0.0%

